D:\SRM KTR\Study\SEM 3\APP\Project\Train-Ticket-Reservation-System\src\com\shashi\servlets\UserAvailServlet.java
D:\SRM KTR\Study\SEM 3\APP\Project\Train-Ticket-Reservation-System\src\com\shashi\servlets\AdminLogin.java
D:\SRM KTR\Study\SEM 3\APP\Project\Train-Ticket-Reservation-System\src\com\shashi\beans\BookingDetails.java
D:\SRM KTR\Study\SEM 3\APP\Project\Train-Ticket-Reservation-System\src\com\shashi\servlets\AdminSearchTrainFwd.java
D:\SRM KTR\Study\SEM 3\APP\Project\Train-Ticket-Reservation-System\src\com\shashi\servlets\ChangeUserPassword.java
D:\SRM KTR\Study\SEM 3\APP\Project\Train-Ticket-Reservation-System\src\com\shashi\servlets\AdminSearchTrain.java
D:\SRM KTR\Study\SEM 3\APP\Project\Train-Ticket-Reservation-System\src\com\shashi\servlets\AdminCancleTrain.java
D:\SRM KTR\Study\SEM 3\APP\Project\Train-Ticket-Reservation-System\src\com\shashi\servlets\UserProfile.java
D:\SRM KTR\Study\SEM 3\APP\Project\Train-Ticket-Reservation-System\src\com\shashi\servlets\UserViewTrainFwd.java
D:\SRM KTR\Study\SEM 3\APP\Project\Train-Ticket-Reservation-System\src\com\shashi\servlets\FareEnq.java
D:\SRM KTR\Study\SEM 3\APP\Project\Train-Ticket-Reservation-System\src\com\shashi\servlets\TrainBwStn.java
D:\SRM KTR\Study\SEM 3\APP\Project\Train-Ticket-Reservation-System\src\com\shashi\servlets\BookTrainPayment.java
D:\SRM KTR\Study\SEM 3\APP\Project\Train-Ticket-Reservation-System\src\com\shashi\beans\AdminBean.java
D:\SRM KTR\Study\SEM 3\APP\Project\Train-Ticket-Reservation-System\src\com\shashi\servlets\BookTrainFwd.java
D:\SRM KTR\Study\SEM 3\APP\Project\Train-Ticket-Reservation-System\src\com\shashi\beans\UserBean.java
D:\SRM KTR\Study\SEM 3\APP\Project\Train-Ticket-Reservation-System\src\com\shashi\utility\TrainUtil.java
D:\SRM KTR\Study\SEM 3\APP\Project\Train-Ticket-Reservation-System\src\com\shashi\servlets\UserSearchTrain.java
D:\SRM KTR\Study\SEM 3\APP\Project\Train-Ticket-Reservation-System\src\com\shashi\servlets\ViewUserProfile.java
D:\SRM KTR\Study\SEM 3\APP\Project\Train-Ticket-Reservation-System\src\com\shashi\servlets\UserLogoutServlet.java
D:\SRM KTR\Study\SEM 3\APP\Project\Train-Ticket-Reservation-System\src\com\shashi\servlets\UpdateTrainSchedule.java
D:\SRM KTR\Study\SEM 3\APP\Project\Train-Ticket-Reservation-System\src\com\shashi\beans\TrainException.java
D:\SRM KTR\Study\SEM 3\APP\Project\Train-Ticket-Reservation-System\src\com\shashi\servlets\UserViewLinkGet.java
D:\SRM KTR\Study\SEM 3\APP\Project\Train-Ticket-Reservation-System\src\com\shashi\service\impl\BookingServiceImpl.java
D:\SRM KTR\Study\SEM 3\APP\Project\Train-Ticket-Reservation-System\src\com\shashi\servlets\BookTrainByRef.java
D:\SRM KTR\Study\SEM 3\APP\Project\Train-Ticket-Reservation-System\src\com\shashi\servlets\AdminTrainUpdate.java
D:\SRM KTR\Study\SEM 3\APP\Project\Train-Ticket-Reservation-System\src\com\shashi\servlets\FareEnqFwd.java
D:\SRM KTR\Study\SEM 3\APP\Project\Train-Ticket-Reservation-System\src\com\shashi\servlets\AddTrainFwd.java
D:\SRM KTR\Study\SEM 3\APP\Project\Train-Ticket-Reservation-System\src\com\shashi\servlets\UserHome.java
D:\SRM KTR\Study\SEM 3\APP\Project\Train-Ticket-Reservation-System\src\com\shashi\service\UserService.java
D:\SRM KTR\Study\SEM 3\APP\Project\Train-Ticket-Reservation-System\src\com\shashi\servlets\ChangeUserPwd.java
D:\SRM KTR\Study\SEM 3\APP\Project\Train-Ticket-Reservation-System\src\com\shashi\servlets\AdminViewTrainFwd.java
D:\SRM KTR\Study\SEM 3\APP\Project\Train-Ticket-Reservation-System\src\com\shashi\servlets\TicketBookingHistory.java
D:\SRM KTR\Study\SEM 3\APP\Project\Train-Ticket-Reservation-System\src\com\shashi\service\impl\TrainServiceImpl.java
D:\SRM KTR\Study\SEM 3\APP\Project\Train-Ticket-Reservation-System\src\com\shashi\servlets\BookTrains.java
D:\SRM KTR\Study\SEM 3\APP\Project\Train-Ticket-Reservation-System\src\com\shashi\service\TrainService.java
D:\SRM KTR\Study\SEM 3\APP\Project\Train-Ticket-Reservation-System\src\com\shashi\servlets\AdminLogoutServlet.java
D:\SRM KTR\Study\SEM 3\APP\Project\Train-Ticket-Reservation-System\src\com\shashi\servlets\AdminAddTrain.java
D:\SRM KTR\Study\SEM 3\APP\Project\Train-Ticket-Reservation-System\src\com\shashi\servlets\AdminViewLinkFwd.java
D:\SRM KTR\Study\SEM 3\APP\Project\Train-Ticket-Reservation-System\src\com\shashi\servlets\EditUserProfile.java
D:\SRM KTR\Study\SEM 3\APP\Project\Train-Ticket-Reservation-System\src\com\shashi\beans\HistoryBean.java
D:\SRM KTR\Study\SEM 3\APP\Project\Train-Ticket-Reservation-System\src\com\shashi\utility\DBUtil.java
D:\SRM KTR\Study\SEM 3\APP\Project\Train-Ticket-Reservation-System\src\com\shashi\servlets\UserSearchFwd.java
D:\SRM KTR\Study\SEM 3\APP\Project\Train-Ticket-Reservation-System\src\com\shashi\servlets\AdminTrainUpdateFwd.java
D:\SRM KTR\Study\SEM 3\APP\Project\Train-Ticket-Reservation-System\src\com\shashi\servlets\ErrorHandlerServlet.java
D:\SRM KTR\Study\SEM 3\APP\Project\Train-Ticket-Reservation-System\src\com\shashi\constant\ResponseCode.java
D:\SRM KTR\Study\SEM 3\APP\Project\Train-Ticket-Reservation-System\src\com\shashi\servlets\TrainBwStnFwd.java
D:\SRM KTR\Study\SEM 3\APP\Project\Train-Ticket-Reservation-System\src\com\shashi\service\BookingService.java
D:\SRM KTR\Study\SEM 3\APP\Project\Train-Ticket-Reservation-System\src\com\shashi\service\impl\UserServiceImpl.java
D:\SRM KTR\Study\SEM 3\APP\Project\Train-Ticket-Reservation-System\src\com\shashi\constant\UserRole.java
D:\SRM KTR\Study\SEM 3\APP\Project\Train-Ticket-Reservation-System\src\com\shashi\servlets\UserRegServlet.java
D:\SRM KTR\Study\SEM 3\APP\Project\Train-Ticket-Reservation-System\src\com\shashi\servlets\AdminCancleTrainFwd.java
D:\SRM KTR\Study\SEM 3\APP\Project\Train-Ticket-Reservation-System\src\com\shashi\servlets\UpdateUserProfile.java
D:\SRM KTR\Study\SEM 3\APP\Project\Train-Ticket-Reservation-System\src\com\shashi\servlets\UserAvailFwd.java
D:\SRM KTR\Study\SEM 3\APP\Project\Train-Ticket-Reservation-System\src\com\shashi\beans\TrainBean.java
D:\SRM KTR\Study\SEM 3\APP\Project\Train-Ticket-Reservation-System\src\com\shashi\servlets\UserLoginServlet.java
